[debug] [2026-06-21T13:09:23.678Z] ----------------------------------------------------------------------
[debug] [2026-06-21T13:09:23.684Z] Command:       /usr/local/bin/firebase /home/awais-koder/.cache/firebase/tools/lib/node_modules/firebase-tools/lib/bin/firebase apps:list --project buyselles-production
[debug] [2026-06-21T13:09:23.685Z] CLI Version:   15.22.0
[debug] [2026-06-21T13:09:23.686Z] Platform:      linux
[debug] [2026-06-21T13:09:23.686Z] Node Version:  v20.18.2
[debug] [2026-06-21T13:09:23.686Z] Detected Agent: cursor
[debug] [2026-06-21T13:09:23.687Z] Time:          Sun Jun 21 2026 18:09:23 GMT+0500 (Pakistan Standard Time)
[debug] [2026-06-21T13:09:23.687Z] ----------------------------------------------------------------------
[debug] 
[debug] [2026-06-21T13:09:24.116Z] > command requires scopes: ["email","openid","https://www.googleapis.com/auth/cloudplatformprojects.readonly","https://www.googleapis.com/auth/firebase","https://www.googleapis.com/auth/cloud-platform"]
[debug] [2026-06-21T13:09:24.118Z] > authorizing via signed-in user (buyselles5@gmail.com)
[debug] [2026-06-21T13:09:24.124Z] Checked if tokens are valid: true, expires at: 1782048866615
[debug] [2026-06-21T13:09:24.125Z] Checked if tokens are valid: true, expires at: 1782048866615
[debug] [2026-06-21T13:09:24.127Z] >>> [apiv2][query] GET https://firebase.googleapis.com/v1beta1/projects/buyselles-production:searchApps pageSize=100
[debug] [2026-06-21T13:09:25.748Z] *** [apiv2] error from fetch(https://firebase.googleapis.com/v1beta1/projects/buyselles-production:searchApps?pageSize=100, {"headers":{},"method":"GET","signal":{"reason":""}}): FetchError: request to https://firebase.googleapis.com/v1beta1/projects/buyselles-production:searchApps?pageSize=100 failed, reason: 
[debug] [2026-06-21T13:09:25.752Z] Failed to make request to https://firebase.googleapis.com/v1beta1/projects/buyselles-production:searchApps?pageSize=100
[debug] [2026-06-21T13:09:30.055Z] FirebaseError: Failed to make request to https://firebase.googleapis.com/v1beta1/projects/buyselles-production:searchApps?pageSize=100
    at RetryOperation._fn (/home/awais-koder/.cache/firebase/tools/lib/node_modules/firebase-tools/lib/apiv2.js:282:31)
    at process.processTicksAndRejections (node:internal/process/task_queues:95:5)
[error] 
[error] Error: Failed to list Firebase apps. See firebase-debug.log for more info.
